<script src="//ajax.googleapis.com/ajax/libs/angular/1.2.8/angular.min.js"></script>